// Vitest Snapshot v1, https://vitest.dev/guide/snapshot.html

exports[`ListView > should match snapshot 1`] = `
<div>
  <div
    class="listview-container"
  >
    <div
      class="movie-container"
    >
      <a
        class="link"
        href="/movie/385687"
        id="movieImage-385687"
      >
        <div
          class="MuiPaper-root MuiPaper-elevation MuiPaper-rounded MuiPaper-elevation1 MuiCard-root movie-card css-bhp9pd-MuiPaper-root-MuiCard-root"
        >
          <img
            alt="Fast X"
            id="movieCardImage"
            src="https://image.tmdb.org/t/p/w200//fiVW06jE7z9YnO4trhaMEdclSiC.jpg"
          />
          <div
            class="MuiCardContent-root css-46bh2p-MuiCardContent-root"
          >
            <div
              class="MuiTypography-root MuiTypography-body1 MuiTypography-gutterBottom css-d3wcwz-MuiTypography-root"
            >
              <p>
                Fast X
              </p>
            </div>
            <div
              class="rating"
            >
              <svg
                aria-hidden="true"
                class="MuiSvgIcon-root MuiSvgIcon-fontSizeMedium css-i4bv87-MuiSvgIcon-root"
                data-testid="StarIcon"
                focusable="false"
                style="font-size: 32px;"
                viewBox="0 0 24 24"
              >
                <path
                  d="M12 17.27 18.18 21l-1.64-7.03L22 9.24l-7.19-.61L12 2 9.19 8.63 2 9.24l5.46 4.73L5.82 21z"
                />
              </svg>
              <p>
                7.3
                 / 10
              </p>
            </div>
          </div>
        </div>
      </a>
      <div
        class="heartSection"
        id="favButton-385687"
      >
        <div>
          <button
            aria-label="Remove movie from favorites"
            class="MuiButtonBase-root MuiButton-root MuiButton-text MuiButton-textPrimary MuiButton-sizeMedium MuiButton-textSizeMedium MuiButton-root MuiButton-text MuiButton-textPrimary MuiButton-sizeMedium MuiButton-textSizeMedium css-1e6y48t-MuiButtonBase-root-MuiButton-root"
            id="favButton"
            style="cursor: pointer; z-index: 10; position: relative;"
            tabindex="0"
            type="button"
          >
            <svg
              aria-hidden="true"
              class="MuiSvgIcon-root MuiSvgIcon-fontSizeMedium css-i4bv87-MuiSvgIcon-root"
              data-testid="FavoriteIcon"
              focusable="false"
              style="font-size: 44px;"
              viewBox="0 0 24 24"
            >
              <path
                d="m12 21.35-1.45-1.32C5.4 15.36 2 12.28 2 8.5 2 5.42 4.42 3 7.5 3c1.74 0 3.41.81 4.5 2.09C13.09 3.81 14.76 3 16.5 3 19.58 3 22 5.42 22 8.5c0 3.78-3.4 6.86-8.55 11.54L12 21.35z"
              />
            </svg>
            <span
              class="MuiTouchRipple-root css-8je8zh-MuiTouchRipple-root"
            />
          </button>
        </div>
      </div>
    </div>
    <div
      class="movie-container"
    >
      <a
        class="link"
        href="/movie/1008042"
        id="movieImage-1008042"
      >
        <div
          class="MuiPaper-root MuiPaper-elevation MuiPaper-rounded MuiPaper-elevation1 MuiCard-root movie-card css-bhp9pd-MuiPaper-root-MuiCard-root"
        >
          <img
            alt="Talk to Me"
            id="movieCardImage"
            src="https://image.tmdb.org/t/p/w200//kdPMUMJzyYAc4roD52qavX0nLIC.jpg"
          />
          <div
            class="MuiCardContent-root css-46bh2p-MuiCardContent-root"
          >
            <div
              class="MuiTypography-root MuiTypography-body1 MuiTypography-gutterBottom css-d3wcwz-MuiTypography-root"
            >
              <p>
                Talk to Me
              </p>
            </div>
            <div
              class="rating"
            >
              <svg
                aria-hidden="true"
                class="MuiSvgIcon-root MuiSvgIcon-fontSizeMedium css-i4bv87-MuiSvgIcon-root"
                data-testid="StarIcon"
                focusable="false"
                style="font-size: 32px;"
                viewBox="0 0 24 24"
              >
                <path
                  d="M12 17.27 18.18 21l-1.64-7.03L22 9.24l-7.19-.61L12 2 9.19 8.63 2 9.24l5.46 4.73L5.82 21z"
                />
              </svg>
              <p>
                7.2
                 / 10
              </p>
            </div>
          </div>
        </div>
      </a>
      <div
        class="heartSection"
        id="favButton-1008042"
      >
        <div>
          <button
            aria-label="Add movie to favorites"
            class="MuiButtonBase-root MuiButton-root MuiButton-text MuiButton-textPrimary MuiButton-sizeMedium MuiButton-textSizeMedium MuiButton-root MuiButton-text MuiButton-textPrimary MuiButton-sizeMedium MuiButton-textSizeMedium css-1e6y48t-MuiButtonBase-root-MuiButton-root"
            id="favButton"
            style="cursor: pointer; z-index: 10; position: relative;"
            tabindex="0"
            type="button"
          >
            <svg
              aria-hidden="true"
              class="MuiSvgIcon-root MuiSvgIcon-fontSizeMedium css-i4bv87-MuiSvgIcon-root"
              data-testid="FavoriteBorderIcon"
              focusable="false"
              style="font-size: 44px;"
              viewBox="0 0 24 24"
            >
              <path
                d="M16.5 3c-1.74 0-3.41.81-4.5 2.09C10.91 3.81 9.24 3 7.5 3 4.42 3 2 5.42 2 8.5c0 3.78 3.4 6.86 8.55 11.54L12 21.35l1.45-1.32C18.6 15.36 22 12.28 22 8.5 22 5.42 19.58 3 16.5 3zm-4.4 15.55-.1.1-.1-.1C7.14 14.24 4 11.39 4 8.5 4 6.5 5.5 5 7.5 5c1.54 0 3.04.99 3.57 2.36h1.87C13.46 5.99 14.96 5 16.5 5c2 0 3.5 1.5 3.5 3.5 0 2.89-3.14 5.74-7.9 10.05z"
              />
            </svg>
            <span
              class="MuiTouchRipple-root css-8je8zh-MuiTouchRipple-root"
            />
          </button>
        </div>
      </div>
    </div>
  </div>
</div>
`;
